// Jest Snapshot v1, https://goo.gl/fbAQLP

exports[`SearchBar Component should match the snapshot 1`] = `
<Connect(SearchBar)
  store={
    Object {
      "clearActions": [Function],
      "dispatch": [Function],
      "getActions": [Function],
      "getState": [Function],
      "replaceReducer": [Function],
      "subscribe": [Function],
    }
  }
>
  <SearchBar
    searchApi={[Function]}
    store={
      Object {
        "clearActions": [Function],
        "dispatch": [Function],
        "getActions": [Function],
        "getState": [Function],
        "replaceReducer": [Function],
        "subscribe": [Function],
      }
    }
  >
    <form
      onSubmit={[Function]}
    >
      <div
        className="form-group"
      >
        <div
          className="row"
        >
          <div
            className="col-xs-12 col-md-10"
          >
            <div
              className="row"
            >
              <div
                className="col-xs-12 col-md-4"
              >
                <label
                  htmlFor="searchTerm"
                >
                  Search term
                </label>
                <input
                  className="form-control"
                  id="searchTerm"
                  name="q"
                  onChange={[Function]}
                  placeholder="Search…"
                  type="text"
                />
              </div>
              <div
                className="col-xs-12 col-md-4"
              >
                <label
                  htmlFor="diet"
                >
                  Diet
                </label>
                <select
                  className="form-control"
                  id="diet"
                  name="diet"
                  onChange={[Function]}
                >
                  <option
                    value=""
                  >
                    Select option
                  </option>
                  <option
                    value="balanced"
                  >
                    Balanced
                  </option>
                  <option
                    value="high-protein"
                  >
                    High protein
                  </option>
                  <option
                    value="high-fiber"
                  >
                    High fiber
                  </option>
                  <option
                    value="low-fat"
                  >
                    Loe fat
                  </option>
                  <option
                    value="low-carb"
                  >
                    Low carb
                  </option>
                  <option
                    value="low-sodium"
                  >
                    Low sodium
                  </option>
                </select>
              </div>
              <div
                className="col-xs-12 col-md-4"
              >
                <label
                  htmlFor="calories"
                >
                  Number of calories
                </label>
                <div
                  className="input-group"
                >
                  <span
                    className="input-group-addon"
                  >
                    <label>
                      <input
                        checked={false}
                        id="caloriesType-gte"
                        name="caloriesType"
                        onChange={[Function]}
                        type="radio"
                        value="gte"
                      />
                       &gt;
                    </label>
                  </span>
                  <span
                    className="input-group-addon"
                  >
                    <label>
                      <input
                        checked={false}
                        id="caloriesType-lte"
                        name="caloriesType"
                        onChange={[Function]}
                        type="radio"
                        value="lte"
                      />
                       &lt;
                    </label>
                  </span>
                  <input
                    className="form-control"
                    id="calories"
                    name="calories"
                    onChange={[Function]}
                    placeholder="Calories"
                    type="number"
                  />
                </div>
              </div>
            </div>
          </div>
          <div
            className="col-xs-12 col-md-2"
          >
            <button
              className="btn btn-default btn-block"
              type="submit"
            >
              <span
                className="glyphicon glyphicon-search"
              />
               Search
            </button>
          </div>
        </div>
      </div>
    </form>
  </SearchBar>
</Connect(SearchBar)>
`;
